{"checks":[{"errors":0,"name":"editor_diagnostics","ok":true,"warnings":0},{"count":0,"name":"runtime_instances","ok":false},{"error":"no game is running","name":"runtime_tree","ok":false},{"error":"no game is running","name":"runtime_ui","ok":false},{"error":"no game is running","name":"runtime_screenshot","ok":false}],"issues":["expected exactly one live game process, found 0","runtime tree unavailable: no game is running","runtime UI tree unavailable: no game is running","runtime screenshot unavailable: no game is running"],"ok":false}
