{"checks":[{"errors":0,"name":"editor_diagnostics","ok":true,"warnings":0},{"count":1,"name":"runtime_instances","ok":true},{"name":"runtime_tree","nodes":3,"ok":true,"scene":"res://scenes/Main.tscn","truncated":false},{"controls":2,"name":"runtime_ui","ok":true,"truncated":false},{"low_detail":false,"name":"runtime_screenshot","nonblank":true,"ok":true,"possible_clipping":false}],"issues":[],"ok":true}
