{"name":"Main","path":".","properties":{"auto_translate_mode":"0","clip_children":"0","editor_description":"","light_mask":"1","material":"\u003cObject#null\u003e","modulate":"(1.0, 1.0, 1.0, 1.0)","oversampling_with_scale":"0","physics_interpolation_mode":"0","position":"(0.0, 0.0)","process_mode":"0","process_physics_priority":"0","process_priority":"0","process_thread_group":"0","rotation":"0.0","scale":"(1.0, 1.0)","script":"\u003cnull\u003e","self_modulate":"(1.0, 1.0, 1.0, 1.0)","show_behind_parent":"false","skew":"0.0","texture_filter":"0","texture_repeat":"0","top_level":"false","use_parent_material":"false","visibility_layer":"1","visible":"true","y_sort_enabled":"false","z_as_relative":"true","z_index":"0"},"type":"Node2D"}
